Stack Allocation = 10000 bytes

 Start  Stop   Length Name                   Class
 00000H 0085FH 00860H INS_MAIN_TEXT          CODE
 00860H 02305H 01AA6H INS_UTIL_TEXT          CODE
 02306H 02503H 001FEH VERSION_TEXT           CODE
 02504H 026CBH 001C8H GETOPT_TEXT            CODE
 026CCH 02C45H 0057AH SUP_RTNS_TEXT          CODE
 02C46H 0703FH 043FAH _TEXT                  CODE
 07040H 07041H 00002H EMULATOR_TEXT          CODE
 07042H 07042H 00000H C_ETEXT                ENDCODE
 07050H 07881H 00832H INS_MAIN5_DATA         FAR_DATA
 07890H 08349H 00ABAH INS_UTIL5_DATA         FAR_DATA
 08350H 08725H 003D6H VERSION5_DATA          FAR_DATA
 08730H 08798H 00069H GETOPT5_DATA           FAR_DATA
 087A0H 087A0H 00000H EMULATOR_DATA          FAR_DATA
 087A0H 08BD1H 00432H FAR_BSS                FAR_BSS
 08BE0H 08C21H 00042H NULL                   BEGDATA
 08C22H 091D3H 005B2H _DATA                  DATA
 091D4H 091D5H 00002H XIQC                   DATA
 091D6H 091E1H 0000CH DBDATA                 DATA
 091E2H 091EFH 0000EH CDATA                  DATA
 091F0H 091F0H 00000H XIFB                   DATA
 091F0H 091F0H 00000H XIF                    DATA
 091F0H 091F0H 00000H XIFE                   DATA
 091F0H 091F0H 00000H XIB                    DATA
 091F0H 091F0H 00000H XI                     DATA
 091F0H 091F0H 00000H XIE                    DATA
 091F0H 091F0H 00000H XPB                    DATA
 091F0H 091F3H 00004H XP                     DATA
 091F4H 091F4H 00000H XPE                    DATA
 091F4H 091F4H 00000H XCB                    DATA
 091F4H 091F4H 00000H XC                     DATA
 091F4H 091F4H 00000H XCE                    DATA
 091F4H 091F4H 00000H XCFB                   DATA
 091F4H 091F4H 00000H XCFCRT                 DATA
 091F4H 091F4H 00000H XCF                    DATA
 091F4H 091F4H 00000H XCFE                   DATA
 091F4H 091F4H 00000H XIFCB                  DATA
 091F4H 091F4H 00000H XIFU                   DATA
 091F4H 091F4H 00000H XIFL                   DATA
 091F4H 091F4H 00000H XIFM                   DATA
 091F4H 091F4H 00000H XIFCE                  DATA
 091F4H 091F7H 00004H EXEC                   DATA
 091F8H 0920DH 00016H CONST                  CONST
 0920EH 09215H 00008H HDR                    MSG
 09216H 092EBH 000D6H MSG                    MSG
 092ECH 092EDH 00002H PAD                    MSG
 092EEH 092EEH 00001H EPAD                   MSG
 092F0H 09309H 0001AH _BSS                   BSS
 0930AH 0930AH 00000H XOB                    BSS
 0930AH 0930AH 00000H XO                     BSS
 0930AH 0930AH 00000H XOE                    BSS
 0930AH 0930AH 00000H XOFB                   BSS
 0930AH 0930AH 00000H XOF                    BSS
 0930AH 0930AH 00000H XOFE                   BSS
 09310H 09310H 00000H c_common               BSS
 09310H 0BA1FH 02710H STACK                  STACK

 Origin   Group
 08BE:0   DGROUP

Program entry point at 02C4:0016
