Stack Allocation = 10000 bytes

 Start  Stop   Length Name                   Class
 00000H 00341H 00342H REM_MAIN_TEXT          CODE
 00342H 01DE7H 01AA6H INS_UTIL_TEXT          CODE
 01DE8H 01FE5H 001FEH VERSION_TEXT           CODE
 01FE6H 021ADH 001C8H GETOPT_TEXT            CODE
 021AEH 02727H 0057AH SUP_RTNS_TEXT          CODE
 02728H 06B85H 0445EH _TEXT                  CODE
 06B90H 06B91H 00002H EMULATOR_TEXT          CODE
 06B92H 06B92H 00000H C_ETEXT                ENDCODE
 06BA0H 06EEFH 00350H REM_MAIN5_DATA         FAR_DATA
 06EF0H 079A9H 00ABAH INS_UTIL5_DATA         FAR_DATA
 079B0H 07D85H 003D6H VERSION5_DATA          FAR_DATA
 07D90H 07DF8H 00069H GETOPT5_DATA           FAR_DATA
 07E00H 07E00H 00000H EMULATOR_DATA          FAR_DATA
 07E00H 081E1H 003E2H FAR_BSS                FAR_BSS
 081F0H 08231H 00042H NULL                   BEGDATA
 08232H 087CFH 0059EH _DATA                  DATA
 087D0H 087D1H 00002H XIQC                   DATA
 087D2H 087DDH 0000CH DBDATA                 DATA
 087DEH 087EBH 0000EH CDATA                  DATA
 087ECH 087ECH 00000H XIFB                   DATA
 087ECH 087ECH 00000H XIF                    DATA
 087ECH 087ECH 00000H XIFE                   DATA
 087ECH 087ECH 00000H XIB                    DATA
 087ECH 087ECH 00000H XI                     DATA
 087ECH 087ECH 00000H XIE                    DATA
 087ECH 087ECH 00000H XPB                    DATA
 087ECH 087EFH 00004H XP                     DATA
 087F0H 087F0H 00000H XPE                    DATA
 087F0H 087F0H 00000H XCB                    DATA
 087F0H 087F0H 00000H XC                     DATA
 087F0H 087F0H 00000H XCE                    DATA
 087F0H 087F0H 00000H XCFB                   DATA
 087F0H 087F0H 00000H XCFCRT                 DATA
 087F0H 087F0H 00000H XCF                    DATA
 087F0H 087F0H 00000H XCFE                   DATA
 087F0H 087F0H 00000H XIFCB                  DATA
 087F0H 087F0H 00000H XIFU                   DATA
 087F0H 087F0H 00000H XIFL                   DATA
 087F0H 087F0H 00000H XIFM                   DATA
 087F0H 087F0H 00000H XIFCE                  DATA
 087F0H 087F3H 00004H EXEC                   DATA
 087F4H 08807H 00014H CONST                  CONST
 08808H 0880FH 00008H HDR                    MSG
 08810H 088E5H 000D6H MSG                    MSG
 088E6H 088E7H 00002H PAD                    MSG
 088E8H 088E8H 00001H EPAD                   MSG
 088EAH 08903H 0001AH _BSS                   BSS
 08904H 08904H 00000H XOB                    BSS
 08904H 08904H 00000H XO                     BSS
 08904H 08904H 00000H XOE                    BSS
 08904H 08904H 00000H XOFB                   BSS
 08904H 08904H 00000H XOF                    BSS
 08904H 08904H 00000H XOFE                   BSS
 08910H 08910H 00000H c_common               BSS
 08910H 0B01FH 02710H STACK                  STACK

 Origin   Group
 081F:0   DGROUP

Program entry point at 0272:0018
